Archive member included because of file (symbol)

/home/carles/LPCXpresso/workspace/CMSIS_CORE_LPC17xx/Debug/libCMSIS_CORE_LPC17xx.a(system_LPC17xx.o)
                              ./src/cr_startup_lpc175x_6x.o (SystemInit)
/usr/local/lpcxpresso_7.9.0_455/lpcxpresso/tools/bin/../lib/gcc/arm-none-eabi/4.9.3/../../../../arm-none-eabi/lib/armv7-m/libcr_c.a(__weak__main.o)
                              ./src/cr_startup_lpc175x_6x.o (__main)
/usr/local/lpcxpresso_7.9.0_455/lpcxpresso/tools/bin/../lib/gcc/arm-none-eabi/4.9.3/armv7-m/libcr_eabihelpers.a(division_64.o)
                              /home/carles/LPCXpresso/workspace/CMSIS_CORE_LPC17xx/Debug/libCMSIS_CORE_LPC17xx.a(system_LPC17xx.o) (__aeabi_uldivmod)
/usr/local/lpcxpresso_7.9.0_455/lpcxpresso/tools/bin/../lib/gcc/arm-none-eabi/4.9.3/armv7-m/libcr_eabihelpers.a(division_idiv0.o)
                              /usr/local/lpcxpresso_7.9.0_455/lpcxpresso/tools/bin/../lib/gcc/arm-none-eabi/4.9.3/armv7-m/libcr_eabihelpers.a(division_64.o) (__aeabi_idiv0)

Discarded input sections

 .group         0x00000000        0x8 ./src/bsp.o
 .group         0x00000000        0x8 ./src/bsp.o
 .group         0x00000000        0x8 ./src/bsp.o
 .group         0x00000000        0x8 ./src/bsp.o
 .group         0x00000000        0x8 ./src/bsp.o
 .group         0x00000000        0x8 ./src/bsp.o
 .group         0x00000000        0x8 ./src/bsp.o
 .group         0x00000000        0x8 ./src/bsp.o
 .group         0x00000000        0x8 ./src/bsp.o
 .group         0x00000000        0x8 ./src/bsp.o
 .group         0x00000000        0x8 ./src/bsp.o
 .group         0x00000000        0x8 ./src/bsp.o
 .text          0x00000000        0x0 ./src/bsp.o
 .data          0x00000000        0x0 ./src/bsp.o
 .bss           0x00000000        0x0 ./src/bsp.o
 .text.NVIC_SystemReset
                0x00000000       0x28 ./src/bsp.o
 .text.assert_failed
                0x00000000        0x4 ./src/bsp.o
 .group         0x00000000        0x8 ./src/cr_startup_lpc175x_6x.o
 .text          0x00000000        0x0 ./src/cr_startup_lpc175x_6x.o
 .data          0x00000000        0x0 ./src/cr_startup_lpc175x_6x.o
 .bss           0x00000000        0x0 ./src/cr_startup_lpc175x_6x.o
 .debug_macro   0x00000000      0x87a ./src/cr_startup_lpc175x_6x.o
 .group         0x00000000        0x8 ./src/crp.o
 .group         0x00000000        0x8 ./src/crp.o
 .text          0x00000000        0x0 ./src/crp.o
 .data          0x00000000        0x0 ./src/crp.o
 .bss           0x00000000        0x0 ./src/crp.o
 .debug_macro   0x00000000      0x87a ./src/crp.o
 .group         0x00000000        0x8 ./src/main.o
 .group         0x00000000        0x8 ./src/main.o
 .group         0x00000000        0x8 ./src/main.o
 .group         0x00000000        0x8 ./src/main.o
 .group         0x00000000        0x8 ./src/main.o
 .group         0x00000000        0x8 ./src/main.o
 .group         0x00000000        0x8 ./src/main.o
 .group         0x00000000        0x8 ./src/main.o
 .group         0x00000000        0x8 ./src/main.o
 .group         0x00000000        0x8 ./src/main.o
 .group         0x00000000        0x8 ./src/main.o
 .group         0x00000000        0x8 ./src/main.o
 .text          0x00000000        0x0 ./src/main.o
 .data          0x00000000        0x0 ./src/main.o
 .bss           0x00000000        0x0 ./src/main.o
 .debug_macro   0x00000000      0x87a ./src/main.o
 .debug_macro   0x00000000       0x10 ./src/main.o
 .debug_macro   0x00000000       0x1c ./src/main.o
 .debug_macro   0x00000000       0x3a ./src/main.o
 .debug_macro   0x00000000       0x10 ./src/main.o
 .debug_macro   0x00000000      0x12d ./src/main.o
 .debug_macro   0x00000000      0x5b2 ./src/main.o
 .debug_macro   0x00000000       0x2d ./src/main.o
 .debug_macro   0x00000000      0xbb1 ./src/main.o
 .debug_macro   0x00000000      0x2c7 ./src/main.o
 .debug_macro   0x00000000       0x82 ./src/main.o
 .debug_macro   0x00000000       0x16 ./src/main.o
 .group         0x00000000        0x8 /home/carles/LPCXpresso/workspace/CMSIS_CORE_LPC17xx/Debug/libCMSIS_CORE_LPC17xx.a(system_LPC17xx.o)
 .group         0x00000000        0x8 /home/carles/LPCXpresso/workspace/CMSIS_CORE_LPC17xx/Debug/libCMSIS_CORE_LPC17xx.a(system_LPC17xx.o)
 .group         0x00000000        0x8 /home/carles/LPCXpresso/workspace/CMSIS_CORE_LPC17xx/Debug/libCMSIS_CORE_LPC17xx.a(system_LPC17xx.o)
 .group         0x00000000        0x8 /home/carles/LPCXpresso/workspace/CMSIS_CORE_LPC17xx/Debug/libCMSIS_CORE_LPC17xx.a(system_LPC17xx.o)
 .group         0x00000000        0x8 /home/carles/LPCXpresso/workspace/CMSIS_CORE_LPC17xx/Debug/libCMSIS_CORE_LPC17xx.a(system_LPC17xx.o)
 .group         0x00000000        0x8 /home/carles/LPCXpresso/workspace/CMSIS_CORE_LPC17xx/Debug/libCMSIS_CORE_LPC17xx.a(system_LPC17xx.o)
 .group         0x00000000        0x8 /home/carles/LPCXpresso/workspace/CMSIS_CORE_LPC17xx/Debug/libCMSIS_CORE_LPC17xx.a(system_LPC17xx.o)
 .group         0x00000000        0x8 /home/carles/LPCXpresso/workspace/CMSIS_CORE_LPC17xx/Debug/libCMSIS_CORE_LPC17xx.a(system_LPC17xx.o)
 .group         0x00000000        0x8 /home/carles/LPCXpresso/workspace/CMSIS_CORE_LPC17xx/Debug/libCMSIS_CORE_LPC17xx.a(system_LPC17xx.o)
 .text          0x00000000        0x0 /home/carles/LPCXpresso/workspace/CMSIS_CORE_LPC17xx/Debug/libCMSIS_CORE_LPC17xx.a(system_LPC17xx.o)
 .data          0x00000000        0x0 /home/carles/LPCXpresso/workspace/CMSIS_CORE_LPC17xx/Debug/libCMSIS_CORE_LPC17xx.a(system_LPC17xx.o)
 .bss           0x00000000        0x0 /home/carles/LPCXpresso/workspace/CMSIS_CORE_LPC17xx/Debug/libCMSIS_CORE_LPC17xx.a(system_LPC17xx.o)
 .text.SystemCoreClockUpdate
                0x00000000       0xac /home/carles/LPCXpresso/workspace/CMSIS_CORE_LPC17xx/Debug/libCMSIS_CORE_LPC17xx.a(system_LPC17xx.o)
 .data.SystemCoreClock
                0x00000000        0x4 /home/carles/LPCXpresso/workspace/CMSIS_CORE_LPC17xx/Debug/libCMSIS_CORE_LPC17xx.a(system_LPC17xx.o)
 .debug_macro   0x00000000       0x10 /home/carles/LPCXpresso/workspace/CMSIS_CORE_LPC17xx/Debug/libCMSIS_CORE_LPC17xx.a(system_LPC17xx.o)
 .debug_macro   0x00000000      0x12d /home/carles/LPCXpresso/workspace/CMSIS_CORE_LPC17xx/Debug/libCMSIS_CORE_LPC17xx.a(system_LPC17xx.o)
 .debug_macro   0x00000000      0x5b2 /home/carles/LPCXpresso/workspace/CMSIS_CORE_LPC17xx/Debug/libCMSIS_CORE_LPC17xx.a(system_LPC17xx.o)
 .debug_macro   0x00000000       0x1c /home/carles/LPCXpresso/workspace/CMSIS_CORE_LPC17xx/Debug/libCMSIS_CORE_LPC17xx.a(system_LPC17xx.o)
 .debug_macro   0x00000000       0x3a /home/carles/LPCXpresso/workspace/CMSIS_CORE_LPC17xx/Debug/libCMSIS_CORE_LPC17xx.a(system_LPC17xx.o)
 .debug_macro   0x00000000       0x2d /home/carles/LPCXpresso/workspace/CMSIS_CORE_LPC17xx/Debug/libCMSIS_CORE_LPC17xx.a(system_LPC17xx.o)
 .debug_macro   0x00000000      0xbb1 /home/carles/LPCXpresso/workspace/CMSIS_CORE_LPC17xx/Debug/libCMSIS_CORE_LPC17xx.a(system_LPC17xx.o)
 .debug_macro   0x00000000      0x2c7 /home/carles/LPCXpresso/workspace/CMSIS_CORE_LPC17xx/Debug/libCMSIS_CORE_LPC17xx.a(system_LPC17xx.o)
 .text          0x00000000        0x0 /usr/local/lpcxpresso_7.9.0_455/lpcxpresso/tools/bin/../lib/gcc/arm-none-eabi/4.9.3/../../../../arm-none-eabi/lib/armv7-m/libcr_c.a(__weak__main.o)
 .data          0x00000000        0x0 /usr/local/lpcxpresso_7.9.0_455/lpcxpresso/tools/bin/../lib/gcc/arm-none-eabi/4.9.3/../../../../arm-none-eabi/lib/armv7-m/libcr_c.a(__weak__main.o)
 .bss           0x00000000        0x0 /usr/local/lpcxpresso_7.9.0_455/lpcxpresso/tools/bin/../lib/gcc/arm-none-eabi/4.9.3/../../../../arm-none-eabi/lib/armv7-m/libcr_c.a(__weak__main.o)
 .text          0x00000000        0x0 /usr/local/lpcxpresso_7.9.0_455/lpcxpresso/tools/bin/../lib/gcc/arm-none-eabi/4.9.3/armv7-m/libcr_eabihelpers.a(division_64.o)
 .data          0x00000000        0x0 /usr/local/lpcxpresso_7.9.0_455/lpcxpresso/tools/bin/../lib/gcc/arm-none-eabi/4.9.3/armv7-m/libcr_eabihelpers.a(division_64.o)
 .bss           0x00000000        0x0 /usr/local/lpcxpresso_7.9.0_455/lpcxpresso/tools/bin/../lib/gcc/arm-none-eabi/4.9.3/armv7-m/libcr_eabihelpers.a(division_64.o)
 .text.__aeabi_division_ldivmod
                0x00000000       0x26 /usr/local/lpcxpresso_7.9.0_455/lpcxpresso/tools/bin/../lib/gcc/arm-none-eabi/4.9.3/armv7-m/libcr_eabihelpers.a(division_64.o)
 .text.__aeabi_division_uldivmod
                0x00000000      0x174 /usr/local/lpcxpresso_7.9.0_455/lpcxpresso/tools/bin/../lib/gcc/arm-none-eabi/4.9.3/armv7-m/libcr_eabihelpers.a(division_64.o)
 .ARM.attributes
                0x00000000       0x21 /usr/local/lpcxpresso_7.9.0_455/lpcxpresso/tools/bin/../lib/gcc/arm-none-eabi/4.9.3/armv7-m/libcr_eabihelpers.a(division_64.o)
 .text          0x00000000        0x0 /usr/local/lpcxpresso_7.9.0_455/lpcxpresso/tools/bin/../lib/gcc/arm-none-eabi/4.9.3/armv7-m/libcr_eabihelpers.a(division_idiv0.o)
 .data          0x00000000        0x0 /usr/local/lpcxpresso_7.9.0_455/lpcxpresso/tools/bin/../lib/gcc/arm-none-eabi/4.9.3/armv7-m/libcr_eabihelpers.a(division_idiv0.o)
 .bss           0x00000000        0x0 /usr/local/lpcxpresso_7.9.0_455/lpcxpresso/tools/bin/../lib/gcc/arm-none-eabi/4.9.3/armv7-m/libcr_eabihelpers.a(division_idiv0.o)
 .text.__aeabi_division_idiv0
                0x00000000        0x2 /usr/local/lpcxpresso_7.9.0_455/lpcxpresso/tools/bin/../lib/gcc/arm-none-eabi/4.9.3/armv7-m/libcr_eabihelpers.a(division_idiv0.o)
 .ARM.attributes
                0x00000000       0x21 /usr/local/lpcxpresso_7.9.0_455/lpcxpresso/tools/bin/../lib/gcc/arm-none-eabi/4.9.3/armv7-m/libcr_eabihelpers.a(division_idiv0.o)

Memory Configuration

Name             Origin             Length             Attributes
MFlash512        0x00000000         0x00080000         xr
RamLoc32         0x10000000         0x00008000         xrw
RamAHB32         0x2007c000         0x00008000         xrw
*default*        0x00000000         0xffffffff

Linker script and memory map

LOAD ./src/bsp.o
LOAD ./src/cr_startup_lpc175x_6x.o
LOAD ./src/crp.o
LOAD ./src/main.o
LOAD /home/carles/LPCXpresso/workspace/CMSIS_CORE_LPC17xx/Debug/libCMSIS_CORE_LPC17xx.a
START GROUP
LOAD /usr/local/lpcxpresso_7.9.0_455/lpcxpresso/tools/bin/../lib/gcc/arm-none-eabi/4.9.3/../../../../arm-none-eabi/lib/armv7-m/libcr_c.a
LOAD /usr/local/lpcxpresso_7.9.0_455/lpcxpresso/tools/bin/../lib/gcc/arm-none-eabi/4.9.3/armv7-m/libcr_eabihelpers.a
END GROUP
                0x00080000                __top_MFlash512 = 0x80000
                0x00080000                __top_Flash = 0x80000
                0x10008000                __top_RamLoc32 = 0x10008000
                0x10008000                __top_RAM = 0x10008000
                0x20084000                __top_RamAHB32 = 0x20084000
                0x20084000                __top_RAM2 = 0x20084000

.text           0x00000000      0x514
 FILL mask 0xff
                0x00000000                __vectors_start__ = ABSOLUTE (.)
 *(.isr_vector)
 .isr_vector    0x00000000       0xcc ./src/cr_startup_lpc175x_6x.o
                0x00000000                g_pfnVectors
                0x000000cc                . = ALIGN (0x4)
                0x000000cc                __section_table_start = .
                0x000000cc                __data_section_table = .
                0x000000cc        0x4 LONG 0x514 LOADADDR (.data)
                0x000000d0        0x4 LONG 0x10000000 ADDR (.data)
                0x000000d4        0x4 LONG 0x0 SIZEOF (.data)
                0x000000d8        0x4 LONG 0x514 LOADADDR (.data_RAM2)
                0x000000dc        0x4 LONG 0x2007c000 ADDR (.data_RAM2)
                0x000000e0        0x4 LONG 0x0 SIZEOF (.data_RAM2)
                0x000000e4                __data_section_table_end = .
                0x000000e4                __bss_section_table = .
                0x000000e4        0x4 LONG 0x10000000 ADDR (.bss)
                0x000000e8        0x4 LONG 0x4 SIZEOF (.bss)
                0x000000ec        0x4 LONG 0x2007c000 ADDR (.bss_RAM2)
                0x000000f0        0x4 LONG 0x0 SIZEOF (.bss_RAM2)
                0x000000f4                __bss_section_table_end = .
                0x000000f4                __section_table_end = .
 *(.after_vectors*)
 .after_vectors
                0x000000f4      0x144 ./src/cr_startup_lpc175x_6x.o
                0x000000f4                data_init
                0x00000138                bss_init
                0x00000170                ResetISR
                0x000001e8                NMI_Handler
                0x000001f0                HardFault_Handler
                0x000001f8                MemManage_Handler
                0x00000200                BusFault_Handler
                0x00000208                UsageFault_Handler
                0x00000210                SVC_Handler
                0x00000218                DebugMon_Handler
                0x00000220                PendSV_Handler
                0x00000230                TIMER2_IRQHandler
                0x00000230                RIT_IRQHandler
                0x00000230                I2C0_IRQHandler
                0x00000230                USBActivity_IRQHandler
                0x00000230                PWM1_IRQHandler
                0x00000230                I2C1_IRQHandler
                0x00000230                EINT2_IRQHandler
                0x00000230                UART1_IRQHandler
                0x00000230                EINT3_IRQHandler
                0x00000230                CANActivity_IRQHandler
                0x00000230                TIMER3_IRQHandler
                0x00000230                UART0_IRQHandler
                0x00000230                IntDefaultHandler
                0x00000230                PLL0_IRQHandler
                0x00000230                CAN_IRQHandler
                0x00000230                PLL1_IRQHandler
                0x00000230                SSP0_IRQHandler
                0x00000230                I2S_IRQHandler
                0x00000230                I2C2_IRQHandler
                0x00000230                RTC_IRQHandler
                0x00000230                TIMER0_IRQHandler
                0x00000230                SPI_IRQHandler
                0x00000230                EINT1_IRQHandler
                0x00000230                TIMER1_IRQHandler
                0x00000230                UART2_IRQHandler
                0x00000230                ADC_IRQHandler
                0x00000230                SSP1_IRQHandler
                0x00000230                USB_IRQHandler
                0x00000230                BOD_IRQHandler
                0x00000230                WDT_IRQHandler
                0x00000230                QEI_IRQHandler
                0x00000230                EINT0_IRQHandler
                0x00000230                DMA_IRQHandler
                0x00000230                UART3_IRQHandler
                0x00000230                MCPWM_IRQHandler
                0x00000230                ENET_IRQHandler
                0x000002fc                . = 0x2fc
 *fill*         0x00000238       0xc4 ff
                0x000002fc                PROVIDE (__CRP_WORD_START__, .)
 *(.crp)
 .crp           0x000002fc        0x4 ./src/crp.o
                0x000002fc                CRP_WORD
                0x00000300                PROVIDE (__CRP_WORD_END__, .)
                0x00000001                ASSERT (! ((__CRP_WORD_START__ == __CRP_WORD_END__)), Linker CRP Enabled, but no CRP_WORD provided within application)
 *(.text*)
 .text.SysTick_Handler
                0x00000300       0xa0 ./src/bsp.o
                0x00000300                SysTick_Handler
 .text.main     0x000003a0       0x90 ./src/main.o
                0x000003a0                main
 .text.SystemInit
                0x00000430       0xe0 /home/carles/LPCXpresso/workspace/CMSIS_CORE_LPC17xx/Debug/libCMSIS_CORE_LPC17xx.a(system_LPC17xx.o)
                0x00000430                SystemInit
 .text.__weak_main
                0x00000510        0x4 /usr/local/lpcxpresso_7.9.0_455/lpcxpresso/tools/bin/../lib/gcc/arm-none-eabi/4.9.3/../../../../arm-none-eabi/lib/armv7-m/libcr_c.a(__weak__main.o)
                0x00000510                __main
                0x00000510                __weak_main
 *(.rodata .rodata.* .constdata .constdata.*)
                0x00000514                . = ALIGN (0x4)

.glue_7         0x00000514        0x0
 .glue_7        0x00000000        0x0 linker stubs

.glue_7t        0x00000514        0x0
 .glue_7t       0x00000000        0x0 linker stubs

.vfp11_veneer   0x00000514        0x0
 .vfp11_veneer  0x00000000        0x0 linker stubs

.v4_bx          0x00000514        0x0
 .v4_bx         0x00000000        0x0 linker stubs

.iplt           0x00000514        0x0
 .iplt          0x00000000        0x0 ./src/bsp.o

.rel.dyn        0x00000514        0x0
 .rel.iplt      0x00000000        0x0 ./src/bsp.o

.ARM.extab
 *(.ARM.extab* .gnu.linkonce.armextab.*)
                0x00000514                __exidx_start = .

.ARM.exidx
 *(.ARM.exidx* .gnu.linkonce.armexidx.*)
                0x00000514                __exidx_end = .
                0x00000514                _etext = .

.data_RAM2      0x2007c000        0x0 load address 0x00000514
 FILL mask 0xff
                0x2007c000                PROVIDE (__start_data_RAM2, .)
 *(.ramfunc.$RAM2)
 *(.ramfunc.$RamAHB32)
 *(.data.$RAM2*)
 *(.data.$RamAHB32*)
                0x2007c000                . = ALIGN (0x4)
                0x2007c000                PROVIDE (__end_data_RAM2, .)

.uninit_RESERVED
                0x10000000        0x0
 *(.bss.$RESERVED*)
                0x10000000                . = ALIGN (0x4)
                0x10000000                _end_uninit_RESERVED = .

.data           0x10000000        0x0 load address 0x00000514
 FILL mask 0xff
                0x10000000                _data = .
 *(vtable)
 *(.ramfunc*)
 *(.data*)
                0x10000000                . = ALIGN (0x4)
                0x10000000                _edata = .

.igot.plt       0x10000000        0x0 load address 0x00000514
 .igot.plt      0x00000000        0x0 ./src/bsp.o

.bss_RAM2       0x2007c000        0x0
                0x2007c000                PROVIDE (__start_bss_RAM2, .)
 *(.bss.$RAM2*)
 *(.bss.$RamAHB32*)
                0x2007c000                . = ALIGN ((. != 0x0)?0x4:0x1)
                0x2007c000                PROVIDE (__end_bss_RAM2, .)

.bss            0x10000000        0x4
                0x10000000                _bss = .
 *(.bss*)
 .bss.i.4984    0x10000000        0x4 ./src/bsp.o
 *(COMMON)
                0x10000004                . = ALIGN (0x4)
                0x10000004                _ebss = .
                0x10000004                PROVIDE (end, .)

.noinit_RAM2    0x2007c000        0x0
 *(.noinit.$RAM2*)
 *(.noinit.$RamAHB32*)
                0x2007c000                . = ALIGN (0x4)

.noinit         0x10000004        0x0
                0x10000004                _noinit = .
 *(.noinit*)
                0x10000004                . = ALIGN (0x4)
                0x10000004                _end_noinit = .
                0x10000004                PROVIDE (_pvHeapStart, DEFINED (__user_heap_base)?__user_heap_base:.)
                0x10008000                PROVIDE (_vStackTop, DEFINED (__user_stack_top)?__user_stack_top:(__top_RamLoc32 - 0x0))
                0xefff74b2                PROVIDE (__valid_user_code_checksum, (0x0 - ((((((_vStackTop + (ResetISR + 0x1)) + (NMI_Handler + 0x1)) + (HardFault_Handler + 0x1)) + (DEFINED (MemManage_Handler)?MemManage_Handler:0x0 + 0x1)) + (DEFINED (BusFault_Handler)?BusFault_Handler:0x0 + 0x1)) + (DEFINED (UsageFault_Handler)?UsageFault_Handler:0x0 + 0x1))))
OUTPUT(Blink_RGB_LED.axf elf32-littlearm)

.debug_info     0x00000000     0x10a2
 .debug_info    0x00000000      0x59f ./src/bsp.o
 .debug_info    0x0000059f      0x24e ./src/cr_startup_lpc175x_6x.o
 .debug_info    0x000007ed       0x3f ./src/crp.o
 .debug_info    0x0000082c      0x55e ./src/main.o
 .debug_info    0x00000d8a      0x318 /home/carles/LPCXpresso/workspace/CMSIS_CORE_LPC17xx/Debug/libCMSIS_CORE_LPC17xx.a(system_LPC17xx.o)

.debug_abbrev   0x00000000      0x4ae
 .debug_abbrev  0x00000000      0x17a ./src/bsp.o
 .debug_abbrev  0x0000017a       0xf5 ./src/cr_startup_lpc175x_6x.o
 .debug_abbrev  0x0000026f       0x36 ./src/crp.o
 .debug_abbrev  0x000002a5      0x123 ./src/main.o
 .debug_abbrev  0x000003c8       0xe6 /home/carles/LPCXpresso/workspace/CMSIS_CORE_LPC17xx/Debug/libCMSIS_CORE_LPC17xx.a(system_LPC17xx.o)

.debug_aranges  0x00000000      0x110
 .debug_aranges
                0x00000000       0x30 ./src/bsp.o
 .debug_aranges
                0x00000030       0x80 ./src/cr_startup_lpc175x_6x.o
 .debug_aranges
                0x000000b0       0x18 ./src/crp.o
 .debug_aranges
                0x000000c8       0x20 ./src/main.o
 .debug_aranges
                0x000000e8       0x28 /home/carles/LPCXpresso/workspace/CMSIS_CORE_LPC17xx/Debug/libCMSIS_CORE_LPC17xx.a(system_LPC17xx.o)

.debug_ranges   0x00000000       0xb8
 .debug_ranges  0x00000000       0x20 ./src/bsp.o
 .debug_ranges  0x00000020       0x70 ./src/cr_startup_lpc175x_6x.o
 .debug_ranges  0x00000090       0x10 ./src/main.o
 .debug_ranges  0x000000a0       0x18 /home/carles/LPCXpresso/workspace/CMSIS_CORE_LPC17xx/Debug/libCMSIS_CORE_LPC17xx.a(system_LPC17xx.o)

.debug_macro    0x00000000     0x2a3c
 .debug_macro   0x00000000       0x8f ./src/bsp.o
 .debug_macro   0x0000008f      0x87a ./src/bsp.o
 .debug_macro   0x00000909       0x10 ./src/bsp.o
 .debug_macro   0x00000919       0x1c ./src/bsp.o
 .debug_macro   0x00000935       0x3a ./src/bsp.o
 .debug_macro   0x0000096f       0x10 ./src/bsp.o
 .debug_macro   0x0000097f      0x12d ./src/bsp.o
 .debug_macro   0x00000aac      0x5b2 ./src/bsp.o
 .debug_macro   0x0000105e       0x2d ./src/bsp.o
 .debug_macro   0x0000108b      0xbb1 ./src/bsp.o
 .debug_macro   0x00001c3c      0x2c7 ./src/bsp.o
 .debug_macro   0x00001f03       0x82 ./src/bsp.o
 .debug_macro   0x00001f85       0x16 ./src/bsp.o
 .debug_macro   0x00001f9b       0x1d ./src/cr_startup_lpc175x_6x.o
 .debug_macro   0x00001fb8       0x1a ./src/crp.o
 .debug_macro   0x00001fd2       0x34 ./src/crp.o
 .debug_macro   0x00002006       0x8f ./src/main.o
 .debug_macro   0x00002095      0x12d /home/carles/LPCXpresso/workspace/CMSIS_CORE_LPC17xx/Debug/libCMSIS_CORE_LPC17xx.a(system_LPC17xx.o)
 .debug_macro   0x000021c2      0x87a /home/carles/LPCXpresso/workspace/CMSIS_CORE_LPC17xx/Debug/libCMSIS_CORE_LPC17xx.a(system_LPC17xx.o)

.debug_line     0x00000000      0x80e
 .debug_line    0x00000000      0x273 ./src/bsp.o
 .debug_line    0x00000273       0xd5 ./src/cr_startup_lpc175x_6x.o
 .debug_line    0x00000348       0x7c ./src/crp.o
 .debug_line    0x000003c4      0x23a ./src/main.o
 .debug_line    0x000005fe      0x210 /home/carles/LPCXpresso/workspace/CMSIS_CORE_LPC17xx/Debug/libCMSIS_CORE_LPC17xx.a(system_LPC17xx.o)

.debug_str      0x00000000     0xa42c
 .debug_str     0x00000000     0x9b0d ./src/bsp.o
                               0x9b98 (size before relaxing)
 .debug_str     0x00009b0d      0x1b2 ./src/cr_startup_lpc175x_6x.o
                               0x264a (size before relaxing)
 .debug_str     0x00009cbf       0xe9 ./src/crp.o
                               0x2562 (size before relaxing)
 .debug_str     0x00009da8      0x149 ./src/main.o
                               0x9c3c (size before relaxing)
 .debug_str     0x00009ef1      0x53b /home/carles/LPCXpresso/workspace/CMSIS_CORE_LPC17xx/Debug/libCMSIS_CORE_LPC17xx.a(system_LPC17xx.o)
                               0x9954 (size before relaxing)

.comment        0x00000000       0xe0
 .comment       0x00000000       0x70 ./src/bsp.o
                                 0x71 (size before relaxing)
 .comment       0x00000000       0x71 ./src/cr_startup_lpc175x_6x.o
 .comment       0x00000000       0x71 ./src/crp.o
 .comment       0x00000000       0x71 ./src/main.o
 .comment       0x00000000       0x71 /home/carles/LPCXpresso/workspace/CMSIS_CORE_LPC17xx/Debug/libCMSIS_CORE_LPC17xx.a(system_LPC17xx.o)
 .comment       0x00000070       0x70 /usr/local/lpcxpresso_7.9.0_455/lpcxpresso/tools/bin/../lib/gcc/arm-none-eabi/4.9.3/../../../../arm-none-eabi/lib/armv7-m/libcr_c.a(__weak__main.o)
                                 0x71 (size before relaxing)

.ARM.attributes
                0x00000000       0x31
 .ARM.attributes
                0x00000000       0x33 ./src/bsp.o
 .ARM.attributes
                0x00000033       0x33 ./src/cr_startup_lpc175x_6x.o
 .ARM.attributes
                0x00000066       0x33 ./src/crp.o
 .ARM.attributes
                0x00000099       0x33 ./src/main.o
 .ARM.attributes
                0x000000cc       0x33 /home/carles/LPCXpresso/workspace/CMSIS_CORE_LPC17xx/Debug/libCMSIS_CORE_LPC17xx.a(system_LPC17xx.o)
 .ARM.attributes
                0x000000ff       0x33 /usr/local/lpcxpresso_7.9.0_455/lpcxpresso/tools/bin/../lib/gcc/arm-none-eabi/4.9.3/../../../../arm-none-eabi/lib/armv7-m/libcr_c.a(__weak__main.o)

.debug_frame    0x00000000      0x22c
 .debug_frame   0x00000000       0x58 ./src/bsp.o
 .debug_frame   0x00000058      0x170 ./src/cr_startup_lpc175x_6x.o
 .debug_frame   0x000001c8       0x28 ./src/main.o
 .debug_frame   0x000001f0       0x3c /home/carles/LPCXpresso/workspace/CMSIS_CORE_LPC17xx/Debug/libCMSIS_CORE_LPC17xx.a(system_LPC17xx.o)
